
Memory Configuration

Name             Origin             Length             Attributes
flash            0x0000000008000000 0x0000000000020000 axrl !w
ram              0x0000000020000000 0x0000000000008000 axw !rl
*default*        0x0000000000000000 0xffffffffffffffff

Linker script and memory map

LOAD build/startup.o
LOAD build/main.o
LOAD build/uart0.o
LOAD build/startjump.o
                0x0000000000000800                __stack_size = DEFINED (__stack_size)?__stack_size:0x800
                0x0000000000000000                . = ALIGN (0x4)

.startjump      0x0000000008000000        0x4
 .startjump     0x0000000008000000        0x4 build/startjump.o
                0x0000000008000000                StartJ
                0x0000000008000004                . = ALIGN (0x4)

.vectors        0x0000000008000004      0x158
 *(SORT_NONE(.vectors))
 .vectors       0x0000000008000004      0x158 build/startup.o
                0x0000000008000004                Vectors

.init
 *(SORT_NONE(.init))

.text           0x000000000800015c      0x3dc
 *(.rodata .rodata.*)
 *(.text.unlikely .text.unlikely.*)
 *(.text.startup .text.startup.*)
 *(.text .text.*)
 .text          0x000000000800015c      0x154 build/startup.o
                0x000000000800015c                _init()
                0x000000000800016a                _fini()
                0x0000000008000178                __libc_init_array()
                0x0000000008000220                __libc_fini_array()
                0x0000000008000280                FMC_IRQn_handler()
                0x0000000008000280                LVD_IRQn_handler()
                0x0000000008000280                EXTI5_9_IRQn_handler()
                0x0000000008000280                EXTI4_IRQn_handler()
                0x0000000008000280                USB_wakeup_IRQn_handler()
                0x0000000008000280                DMA0_chan6_IRQn_handler()
                0x0000000008000280                CAN1_EWMC_IRQn_handler()
                0x0000000008000280                UART3_IRQn_handler()
                0x0000000008000280                TIM0_channel_IRQn_handler()
                0x0000000008000280                TIM5_IRQn_handler()
                0x0000000008000280                RTC_IRQn_handler()
                0x0000000008000280                DMA0_chan1_IRQn_handler()
                0x0000000008000280                EXTI3_IRQn_handler()
                0x0000000008000280                I2C1_EV_IRQn_handler()
                0x0000000008000280                CAN1_TX_IRQn_handler()
                0x0000000008000280                TIM0_break_IRQn_handler()
                0x0000000008000280                Default_Handler()
                0x0000000008000280                DMA0_chan3_IRQn_handler()
                0x0000000008000280                EXTI10_15_IRQn_handler()
                0x0000000008000280                SPI1_IRQn_handler()
                0x0000000008000280                TIM4_IRQn_handler()
                0x0000000008000280                SPI0_IRQn_handler()
                0x0000000008000280                RTC_alarm_IRQn_handler()
                0x0000000008000280                I2C0_ER_IRQn_handler()
                0x0000000008000280                DMA1_chan2_IRQn_handler()
                0x0000000008000280                EXTI2_IRQn_handler()
                0x0000000008000280                tamper_IRQn_handler()
                0x0000000008000280                CAN1_RX0_IRQn_handler()
                0x0000000008000280                CAN0_RX0_IRQn_handler()
                0x0000000008000280                DMA0_chan4_IRQn_handler()
                0x0000000008000280                CAN0_RX1_IRQn_handler()
                0x0000000008000280                DMA1_chan0_IRQn_handler()
                0x0000000008000280                USART1_IRQn_handler()
                0x0000000008000280                eclic_bwei_handler()
                0x0000000008000280                I2C0_EV_IRQn_handler()
                0x0000000008000280                TIM6_IRQn_handler()
                0x0000000008000280                SPI2_IRQn_handler()
                0x0000000008000280                USART2_IRQn_handler()
                0x0000000008000280                I2C1_ER_IRQn_handler()
                0x0000000008000280                TIM0_update_IRQn_handler()
                0x0000000008000280                EXTI0_IRQn_handler()
                0x0000000008000280                DMA0_chan0_IRQn_handler()
                0x0000000008000280                UART4_IRQn_handler()
                0x0000000008000280                TIM1_IRQn_handler()
                0x0000000008000280                eclic_msip_handler()
                0x0000000008000280                RCU_IRQn_handler()
                0x0000000008000280                TIM0_trigger_commutation_IRQn_handler()
                0x0000000008000280                DMA0_chan2_IRQn_handler()
                0x0000000008000280                CAN0_EWMC_IRQn_handler()
                0x0000000008000280                DMA0_chan5_IRQn_handler()
                0x0000000008000280                TIM2_IRQn_handler()
                0x0000000008000280                ADC0_1_IRQn_handler()
                0x0000000008000280                watchdog_IRQn_handler()
                0x0000000008000280                EXTI1_IRQn_handler()
                0x0000000008000280                CAN1_RX1_IRQn_handler()
                0x0000000008000280                USB_IRQn_handler()
                0x0000000008000280                eclic_mtip_handler()
                0x0000000008000280                DMA1_chan1_IRQn_handler()
                0x0000000008000280                eclic_pmovi_handler()
                0x0000000008000280                DMA1_chan4_IRQn_handler()
                0x0000000008000280                DMA1_chan3_IRQn_handler()
                0x0000000008000280                TIM3_IRQn_handler()
                0x0000000008000280                CAN0_TX_IRQn_handler()
                0x0000000008000280                EXMC_IRQn_handler()
                0x0000000008000288                Reset_Handler()
 .text          0x00000000080002b0        0x0 build/main.o
 .text.main     0x00000000080002b0       0x86 build/main.o
                0x00000000080002b0                main
 .text._Z8gpioInitv
                0x0000000008000336       0x44 build/main.o
                0x0000000008000336                gpioInit()
 .text._Z5delaym
                0x000000000800037a       0x2c build/main.o
                0x000000000800037a                delay(unsigned long)
 .text._Z19USART0_IRQn_handlerv
                0x00000000080003a6       0x44 build/main.o
                0x00000000080003a6                USART0_IRQn_handler()
 .text          0x00000000080003ea        0x0 build/uart0.o
 .text._ZN5Uart0C2Ev
                0x00000000080003ea       0x1c build/uart0.o
                0x00000000080003ea                Uart0::Uart0()
                0x00000000080003ea                Uart0::Uart0()
 .text._ZN5Uart08sendByteEh
                0x0000000008000406       0x5a build/uart0.o
                0x0000000008000406                Uart0::sendByte(unsigned char)
 .text._ZN5Uart07sendStrEPc
                0x0000000008000460       0x40 build/uart0.o
                0x0000000008000460                Uart0::sendStr(char*)
 .text._ZN5Uart04initEv
                0x00000000080004a0       0x98 build/uart0.o
                0x00000000080004a0                Uart0::init()
 .text          0x0000000008000538        0x0 build/startjump.o
 *(.gnu.linkonce.t.*)

.eh_frame       0x0000000008000538      0x204
 .eh_frame      0x0000000008000538       0xdc build/startup.o
 .eh_frame      0x0000000008000614       0x90 build/main.o
                                         0xa4 (size before relaxing)
 .eh_frame      0x00000000080006a4       0x98 build/uart0.o
                                         0xac (size before relaxing)

.rela.dyn       0x000000000800073c        0x0
 .rela.text     0x000000000800073c        0x0 build/startup.o
 .rela.vectors  0x000000000800073c        0x0 build/startup.o

.fini
 *(SORT_NONE(.fini))
                0x000000000800073c                . = ALIGN (0x4)
                [!provide]                        PROVIDE (__etext = .)
                [!provide]                        PROVIDE (_etext = .)
                [!provide]                        PROVIDE (etext = .)
                [!provide]                        PROVIDE (_eilm = .)

.preinit_array  0x000000000800073c        0x0
                0x000000000800073c                PROVIDE (__preinit_array_start = .)
 *(.preinit_array)
                0x000000000800073c                PROVIDE (__preinit_array_end = .)

.init_array     0x000000000800073c        0x0
                0x000000000800073c                PROVIDE (__init_array_start = .)
 *(SORT_BY_INIT_PRIORITY(.init_array.*) SORT_BY_INIT_PRIORITY(.ctors.*))
 *(.init_array EXCLUDE_FILE(*crtend?.o *crtend.o *crtbegin?.o *crtbegin.o) .ctors)
                0x000000000800073c                PROVIDE (__init_array_end = .)

.fini_array     0x000000000800073c        0x0
                0x000000000800073c                PROVIDE (__fini_array_start = .)
 *(SORT_BY_INIT_PRIORITY(.fini_array.*) SORT_BY_INIT_PRIORITY(.dtors.*))
 *(.fini_array EXCLUDE_FILE(*crtend?.o *crtend.o *crtbegin?.o *crtbegin.o) .dtors)
                0x000000000800073c                PROVIDE (__fini_array_end = .)

.ctors
 *crtbegin.o(.ctors)
 *crtbegin?.o(.ctors)
 *(EXCLUDE_FILE(*crtend?.o *crtend.o) .ctors)
 *(SORT_BY_NAME(.ctors.*))
 *(.ctors)

.dtors
 *crtbegin.o(.dtors)
 *crtbegin?.o(.dtors)
 *(EXCLUDE_FILE(*crtend?.o *crtend.o) .dtors)
 *(SORT_BY_NAME(.dtors.*))
 *(.dtors)
                0x0000000008000740                . = ALIGN (0x8)

.stack          0x0000000020000000      0x800
                0x0000000020000000                . = ALIGN (0x8)
                0x0000000020000000                _stack_begin = .
                0x0000000020000800                _StackLimit = (_stack_begin + __stack_size)
                0x0000000020000800                . = (. + __stack_size)
 *fill*         0x0000000020000000      0x800 
                0x0000000020000800                _StackTop = .
                0x0000000020000800                . = ALIGN (0x8)
                0x0000000020000800                PROVIDE (_estack = _StackTop)
                0x0000000020000800                _sidata = .

.data           0x0000000020000800        0x0 load address 0x000000000800073c
 *(.rdata)
                0x0000000020000800                . = ALIGN (0x4)
                [!provide]                        PROVIDE (__global_pointer$ = (. + 0x800))
 *(.sdata .sdata.*)
 .data          0x0000000020000800        0x0 build/startup.o
 .data          0x0000000020000800        0x0 build/main.o
 .data          0x0000000020000800        0x0 build/uart0.o
 .data          0x0000000020000800        0x0 build/startjump.o
                0x0000000020000800                . = ALIGN (0x8)
                [!provide]                        PROVIDE (_edata = .)
                [!provide]                        PROVIDE (edata = .)
                [!provide]                        PROVIDE (_fbss = .)
                [!provide]                        PROVIDE (_sbss = .)

.bss            0x0000000020000800        0x0
 *(.sbss*)
 *(.gnu.linkonce.sb.*)
 *(.bss .bss.*)
 .bss           0x0000000020000800        0x0 build/startup.o
 .bss           0x0000000020000800        0x0 build/main.o
 .bss           0x0000000020000800        0x0 build/uart0.o
 .bss           0x0000000020000800        0x0 build/startjump.o
 *(.gnu.linkonce.b.*)
 *(COMMON)
                0x0000000020000800                . = ALIGN (0x4)
                0x0000000020000800                . = ALIGN (0x8)
                [!provide]                        PROVIDE (_ebss = .)
                [!provide]                        PROVIDE (end = .)

.heap           0x0000000020000800        0x0
                [!provide]                        PROVIDE (_heap_end = .)
OUTPUT(build/prog.elf elf32-littleriscv)

.debug_info     0x0000000000000000      0x842
 .debug_info    0x0000000000000000      0x1b4 build/startup.o
 .debug_info    0x00000000000001b4      0x2e9 build/main.o
 .debug_info    0x000000000000049d      0x3a5 build/uart0.o

.debug_abbrev   0x0000000000000000      0x3de
 .debug_abbrev  0x0000000000000000       0xf1 build/startup.o
 .debug_abbrev  0x00000000000000f1      0x16a build/main.o
 .debug_abbrev  0x000000000000025b      0x183 build/uart0.o

.debug_aranges  0x0000000000000000       0x90
 .debug_aranges
                0x0000000000000000       0x20 build/startup.o
 .debug_aranges
                0x0000000000000020       0x38 build/main.o
 .debug_aranges
                0x0000000000000058       0x38 build/uart0.o

.debug_line     0x0000000000000000      0x4f6
 .debug_line    0x0000000000000000      0x1b9 build/startup.o
 .debug_line    0x00000000000001b9      0x18c build/main.o
 .debug_line    0x0000000000000345      0x1b1 build/uart0.o

.debug_str      0x0000000000000000      0x43e
 .debug_str     0x0000000000000000      0x1d3 build/startup.o
                                        0x1e0 (size before relaxing)
 .debug_str     0x00000000000001d3      0x217 build/main.o
                                        0x29a (size before relaxing)
 .debug_str     0x00000000000003ea       0x54 build/uart0.o
                                        0x28c (size before relaxing)

.comment        0x0000000000000000        0xe
 .comment       0x0000000000000000        0xe build/startup.o
                                          0xf (size before relaxing)
 .comment       0x000000000000000e        0xf build/main.o
 .comment       0x000000000000000e        0xf build/uart0.o

.riscv.attributes
                0x0000000000000000       0x2b
 .riscv.attributes
                0x0000000000000000       0x2b build/startup.o
 .riscv.attributes
                0x000000000000002b       0x2b build/main.o
 .riscv.attributes
                0x0000000000000056       0x2b build/uart0.o
 .riscv.attributes
                0x0000000000000081       0x29 build/startjump.o

.debug_ranges   0x0000000000000000       0x50
 .debug_ranges  0x0000000000000000       0x28 build/main.o
 .debug_ranges  0x0000000000000028       0x28 build/uart0.o
